// Jest Snapshot v1, https://goo.gl/fbAQLP

exports[`snapshot testing should render App correctly 1`] = `
<div
  className="App"
>
  <header
    className="App-header"
  >
    <img
      alt="logo"
      className="App-logo"
      src="logo.svg"
    />
    <a
      className="App-link"
      href="https://reactjs.org"
      rel="noopener noreferrer"
      target="_blank"
    >
      Learn React
    </a>
  </header>
</div>
`;

exports[`snapshot testing should render Child correctly 1`] = `
<div
  className="Child"
>
  I am the first child
</div>
`;
